<html>
<body>
<pre>
<h1>µVision Build Log</h1>
<h2>Tool Versions:</h2>
IDE-Version: µVision V5.28.0.0
Copyright (C) 2019 ARM Ltd and ARM Germany GmbH. All rights reserved.
License Information: Ajith Anandhan, Niagra, LIC=NQQMA-1I3RW-RA8DM-XU4WK-0MQ3G-5F97D
 
Tool Versions:
Toolchain:       MDK-ARM Plus  Version: 5.28.0.0
Toolchain Path:  C:\Keil_v5\ARM\ARMCC\Bin
C Compiler:      Armcc.exe V5.06 update 6 (build 750)
Assembler:       Armasm.exe V5.06 update 6 (build 750)
Linker/Locator:  ArmLink.exe V5.06 update 6 (build 750)
Library Manager: ArmAr.exe V5.06 update 6 (build 750)
Hex Converter:   FromElf.exe V5.06 update 6 (build 750)
CPU DLL:         SARMCM3.DLL V5.28.0.0
Dialog DLL:      DCM.DLL V1.17.3.0
Target DLL:      UL2CM3.DLL V1.162.16.0
Dialog DLL:      TCM.DLL V1.36.2.0
 
<h2>Project:</h2>
D:\_AJITH_NUVOTON\Nuvoton Pump controller Backups\Nuvoton Pump Controller\SampleCode\StdDriver\EADC_SWTRG_Trigger\KEIL\EADC_SWTRG_Trigger.uvprojx
Project File Date:  05/29/2023

<h2>Output:</h2>
*** Using Compiler 'V5.06 update 6 (build 750)', folder: 'C:\Keil_v5\ARM\ARMCC\Bin'
Rebuild target 'EADC_SWTRG_Trigger'
assembling startup_M480.s...
creating preprocessor file for system_M480.c...
creating preprocessor file for main.c...
creating preprocessor file for RunMotor.c...
compiling system_M480.c...
compiling main.c...
creating preprocessor file for retarget.c...
creating preprocessor file for clk.c...
compiling retarget.c...
compiling RunMotor.c...
creating preprocessor file for sys.c...
compiling clk.c...
creating preprocessor file for uart.c...
creating preprocessor file for eadc.c...
compiling eadc.c...
compiling sys.c...
compiling uart.c...
creating preprocessor file for timer.c...
creating preprocessor file for fmc.c...
creating preprocessor file for gpio.c...
compiling gpio.c...
compiling timer.c...
compiling fmc.c...
creating preprocessor file for lcd.c...
creating preprocessor file for Rtc_I2c.c...
creating preprocessor file for i2c.c...
compiling lcd.c...
compiling Rtc_I2c.c...
compiling i2c.c...
linking...
Program Size: Code=27408 RO-data=1488 RW-data=3828 ZI-data=16524  
FromELF: creating hex file...
After Build - User command #1: fromelf --bin ".\obj\EADC_SWTRG_Trigger.axf" --output ".\obj\EADC_SWTRG_Trigger.bin"
After Build - User command #2: fromelf --text -c ".\obj\EADC_SWTRG_Trigger.axf" --output ".\obj\EADC_SWTRG_Trigger.txt"
".\obj\EADC_SWTRG_Trigger.axf" - 0 Error(s), 0 Warning(s).

<h2>Software Packages used:</h2>

Package Vendor: ARM
                http://www.keil.com/pack/ARM.CMSIS.5.9.0.pack
                ARM.CMSIS.5.9.0
                CMSIS (Common Microcontroller Software Interface Standard)
   * Component: CORE Version: 5.6.0

Package Vendor: Nuvoton
                https://github.com/OpenNuvoton/cmsis-packs/raw/master/Nuvoton_DFP/Nuvoton.NuMicro_DFP.1.3.19.pack
                Nuvoton.NuMicro_DFP.1.3.19
                Nuvoton ARM Cortex-M NuMicro Family Device Support

<h2>Collection of Component include folders:</h2>
  .\RTE\_EADC_SWTRG_Trigger
  C:\Users\admin\AppData\Local\Arm\Packs\ARM\CMSIS\5.9.0\CMSIS\Core\Include
  C:\Users\admin\AppData\Local\Arm\Packs\Nuvoton\NuMicro_DFP\1.3.19\Device\M480\Include

<h2>Collection of Component Files used:</h2>

   * Component: ARM::CMSIS:CORE:5.6.0
Build Time Elapsed:  00:00:15
</pre>
</body>
</html>
